
> admin-paneli-autodata-safecore@0.0.0 build
> vite build

[36mvite v6.4.1 [32mbuilding for production...[36m[39m
transforming...
[32mÔ£ô[39m 2526 modules transformed.
rendering chunks...
node.exe : [33m[plugin vite:reporter] 
At line:1 char:1
+ & "C:\Program Files\nodejs/node.exe" "C:\Program Files\nodejs/node_mo ...
+ ~~~~~~~~~~~~~~~~~~~~~~~~~~~~~~~~~~~~~~~~~~~~~~~~~~~~~~~~~~~~~~~~~~~~~
    + CategoryInfo          : NotSpecified: ([33m[plugin vite:reporter] :Stri 
   ng) [], RemoteException
    + FullyQualifiedErrorId : NativeCommandError
 
(!) C:/Users/CASPER/Desktop/Lent+/Lent+ Kullan─▒c─▒ Ekran─▒ ve Detaylar─▒/LentV
S/Bak─▒m Merkezi/admin-paneli-autodata-safecore ( Bak─▒m Merkezi - Dashboard ek
ran─▒ G├╝ncelleme )/services/dataEngineIndices.ts is dynamically imported by C:
/Users/CASPER/Desktop/Lent+/Lent+ Kullan─▒c─▒ Ekran─▒ ve Detaylar─▒/LentVS/Bak─
▒m Merkezi/admin-paneli-autodata-safecore ( Bak─▒m Merkezi - Dashboard ekran─▒ 
G├╝ncelleme )/src/modules/data-engine/api/dataEngineApiClient.ts but also stati
cally imported by C:/Users/CASPER/Desktop/Lent+/Lent+ Kullan─▒c─▒ Ekran─▒ ve De
taylar─▒/LentVS/Bak─▒m Merkezi/admin-paneli-autodata-safecore ( Bak─▒m Merkezi 
- Dashboard ekran─▒ G├╝ncelleme )/services/dataService.ts, dynamic import will 
not move module into another chunk.
[39m
[33m[plugin vite:reporter] 
(!) C:/Users/CASPER/Desktop/Lent+/Lent+ Kullan─▒c─▒ Ekran─▒ ve Detaylar─▒/LentV
S/Bak─▒m Merkezi/admin-paneli-autodata-safecore ( Bak─▒m Merkezi - Dashboard ek
ran─▒ G├╝ncelleme )/services/dataService.ts is dynamically imported by C:/Users
/CASPER/Desktop/Lent+/Lent+ Kullan─▒c─▒ Ekran─▒ ve Detaylar─▒/LentVS/Bak─▒m Mer
kezi/admin-paneli-autodata-safecore ( Bak─▒m Merkezi - Dashboard ekran─▒ G├╝nce
lleme )/views/DataEngine.tsx but also statically imported by C:/Users/CASPER/De
sktop/Lent+/Lent+ Kullan─▒c─▒ Ekran─▒ ve Detaylar─▒/LentVS/Bak─▒m Merkezi/admin
-paneli-autodata-safecore ( Bak─▒m Merkezi - Dashboard ekran─▒ G├╝ncelleme )/co
mponents/BestOfferWidget.tsx, C:/Users/CASPER/Desktop/Lent+/Lent+ Kullan─▒c─▒ E
kran─▒ ve Detaylar─▒/LentVS/Bak─▒m Merkezi/admin-paneli-autodata-safecore ( Bak
─▒m Merkezi - Dashboard ekran─▒ G├╝ncelleme )/components/Header.tsx, C:/Users/C
ASPER/Desktop/Lent+/Lent+ Kullan─▒c─▒ Ekran─▒ ve Detaylar─▒/LentVS/Bak─▒m Merke
zi/admin-paneli-autodata-safecore ( Bak─▒m Merkezi - Dashboard ekran─▒ G├╝ncell
eme )/components/OffersPanel.tsx, C:/Users/CASPER/Desktop/Lent+/Lent+ Kullan─▒c
─▒ Ekran─▒ ve Detaylar─▒/LentVS/Bak─▒m Merkezi/admin-paneli-autodata-safecore (
 Bak─▒m Merkezi - Dashboard ekran─▒ G├╝ncelleme )/components/VinInputModal.tsx,
 C:/Users/CASPER/Desktop/Lent+/Lent+ Kullan─▒c─▒ Ekran─▒ ve Detaylar─▒/LentVS/B
ak─▒m Merkezi/admin-paneli-autodata-safecore ( Bak─▒m Merkezi - Dashboard ekran
─▒ G├╝ncelleme )/services/erp/erpWorker.ts, C:/Users/CASPER/Desktop/Lent+/Lent+
 Kullan─▒c─▒ Ekran─▒ ve Detaylar─▒/LentVS/Bak─▒m Merkezi/admin-paneli-autodata-
safecore ( Bak─▒m Merkezi - Dashboard ekran─▒ G├╝ncelleme )/src/modules/bakim-m
erkezi/components/VehicleHistoryPanel.tsx, C:/Users/CASPER/Desktop/Lent+/Lent+ 
Kullan─▒c─▒ Ekran─▒ ve Detaylar─▒/LentVS/Bak─▒m Merkezi/admin-paneli-autodata-s
afecore ( Bak─▒m Merkezi - Dashboard ekran─▒ G├╝ncelleme )/src/modules/bakim-me
rkezi/components/WorkOrderVehicleHistorySection.tsx, C:/Users/CASPER/Desktop/Le
nt+/Lent+ Kullan─▒c─▒ Ekran─▒ ve Detaylar─▒/LentVS/Bak─▒m Merkezi/admin-paneli-
autodata-safecore ( Bak─▒m Merkezi - Dashboard ekran─▒ G├╝ncelleme )/views/Auto
Dealers.tsx, C:/Users/CASPER/Desktop/Lent+/Lent+ Kullan─▒c─▒ Ekran─▒ ve Detayla
r─▒/LentVS/Bak─▒m Merkezi/admin-paneli-autodata-safecore ( Bak─▒m Merkezi - Das
hboard ekran─▒ G├╝ncelleme )/views/B2BNetwork.tsx, C:/Users/CASPER/Desktop/Lent
+/Lent+ Kullan─▒c─▒ Ekran─▒ ve Detaylar─▒/LentVS/Bak─▒m Merkezi/admin-paneli-au
todata-safecore ( Bak─▒m Merkezi - Dashboard ekran─▒ G├╝ncelleme )/views/Dashbo
ard.tsx, C:/Users/CASPER/Desktop/Lent+/Lent+ Kullan─▒c─▒ Ekran─▒ ve Detaylar─▒/
LentVS/Bak─▒m Merkezi/admin-paneli-autodata-safecore ( Bak─▒m Merkezi - Dashboa
rd ekran─▒ G├╝ncelleme )/views/DataEngine.tsx, C:/Users/CASPER/Desktop/Lent+/Le
nt+ Kullan─▒c─▒ Ekran─▒ ve Detaylar─▒/LentVS/Bak─▒m Merkezi/admin-paneli-autoda
ta-safecore ( Bak─▒m Merkezi - Dashboard ekran─▒ G├╝ncelleme )/views/InsuranceC
enter.tsx, C:/Users/CASPER/Desktop/Lent+/Lent+ Kullan─▒c─▒ Ekran─▒ ve Detaylar─
▒/LentVS/Bak─▒m Merkezi/admin-paneli-autodata-safecore ( Bak─▒m Merkezi - Dashb
oard ekran─▒ G├╝ncelleme )/views/MaintenanceAppointments.tsx, C:/Users/CASPER/D
esktop/Lent+/Lent+ Kullan─▒c─▒ Ekran─▒ ve Detaylar─▒/LentVS/Bak─▒m Merkezi/admi
n-paneli-autodata-safecore ( Bak─▒m Merkezi - Dashboard ekran─▒ G├╝ncelleme )/v
iews/ManagerPanel.tsx, C:/Users/CASPER/Desktop/Lent+/Lent+ Kullan─▒c─▒ Ekran─▒ 
ve Detaylar─▒/LentVS/Bak─▒m Merkezi/admin-paneli-autodata-safecore ( Bak─▒m Mer
kezi - Dashboard ekran─▒ G├╝ncelleme )/views/PartLifeAnalysis.tsx, C:/Users/CAS
PER/Desktop/Lent+/Lent+ Kullan─▒c─▒ Ekran─▒ ve Detaylar─▒/LentVS/Bak─▒m Merkezi
/admin-paneli-autodata-safecore ( Bak─▒m Merkezi - Dashboard ekran─▒ G├╝ncellem
e )/views/PartStockSignals.tsx, C:/Users/CASPER/Desktop/Lent+/Lent+ Kullan─▒c─▒
 Ekran─▒ ve Detaylar─▒/LentVS/Bak─▒m Merkezi/admin-paneli-autodata-safecore ( B
ak─▒m Merkezi - Dashboard ekran─▒ G├╝ncelleme )/views/RepairShops.tsx, C:/Users
/CASPER/Desktop/Lent+/Lent+ Kullan─▒c─▒ Ekran─▒ ve Detaylar─▒/LentVS/Bak─▒m Mer
kezi/admin-paneli-autodata-safecore ( Bak─▒m Merkezi - Dashboard ekran─▒ G├╝nce
lleme )/views/Retailers.tsx, C:/Users/CASPER/Desktop/Lent+/Lent+ Kullan─▒c─▒ Ek
ran─▒ ve Detaylar─▒/LentVS/Bak─▒m Merkezi/admin-paneli-autodata-safecore ( Bak─
▒m Merkezi - Dashboard ekran─▒ G├╝ncelleme )/views/RiskAnalysis.tsx, C:/Users/C
ASPER/Desktop/Lent+/Lent+ Kullan─▒c─▒ Ekran─▒ ve Detaylar─▒/LentVS/Bak─▒m Merke
zi/admin-paneli-autodata-safecore ( Bak─▒m Merkezi - Dashboard ekran─▒ G├╝ncell
eme )/views/Settings.tsx, C:/Users/CASPER/Desktop/Lent+/Lent+ Kullan─▒c─▒ Ekran
─▒ ve Detaylar─▒/LentVS/Bak─▒m Merkezi/admin-paneli-autodata-safecore ( Bak─▒m 
Merkezi - Dashboard ekran─▒ G├╝ncelleme )/views/SettingsPanel.tsx, C:/Users/CAS
PER/Desktop/Lent+/Lent+ Kullan─▒c─▒ Ekran─▒ ve Detaylar─▒/LentVS/Bak─▒m Merkezi
/admin-paneli-autodata-safecore ( Bak─▒m Merkezi - Dashboard ekran─▒ G├╝ncellem
e )/views/SpareParts.tsx, C:/Users/CASPER/Desktop/Lent+/Lent+ Kullan─▒c─▒ Ekran
─▒ ve Detaylar─▒/LentVS/Bak─▒m Merkezi/admin-paneli-autodata-safecore ( Bak─▒m 
Merkezi - Dashboard ekran─▒ G├╝ncelleme )/views/Subscription.tsx, C:/Users/CASP
ER/Desktop/Lent+/Lent+ Kullan─▒c─▒ Ekran─▒ ve Detaylar─▒/LentVS/Bak─▒m Merkezi/
admin-paneli-autodata-safecore ( Bak─▒m Merkezi - Dashboard ekran─▒ G├╝ncelleme
 )/views/UsageHistory.tsx, C:/Users/CASPER/Desktop/Lent+/Lent+ Kullan─▒c─▒ Ekra
n─▒ ve Detaylar─▒/LentVS/Bak─▒m Merkezi/admin-paneli-autodata-safecore ( Bak─▒m
 Merkezi - Dashboard ekran─▒ G├╝ncelleme )/views/UserManagement.tsx, C:/Users/C
ASPER/Desktop/Lent+/Lent+ Kullan─▒c─▒ Ekran─▒ ve Detaylar─▒/LentVS/Bak─▒m Merke
zi/admin-paneli-autodata-safecore ( Bak─▒m Merkezi - Dashboard ekran─▒ G├╝ncell
eme )/views/VehicleDetail.tsx, C:/Users/CASPER/Desktop/Lent+/Lent+ Kullan─▒c─▒ 
Ekran─▒ ve Detaylar─▒/LentVS/Bak─▒m Merkezi/admin-paneli-autodata-safecore ( Ba
k─▒m Merkezi - Dashboard ekran─▒ G├╝ncelleme )/views/VehicleList.tsx, dynamic i
mport will not move module into another chunk.
[39m
computing gzip size...
[2mdist/[22m[32mindex.html                                [39m[1m[2m    1.32 kB[22m[1m[22m[2m Ôöé gzip:   0.66 kB[22m
[2mdist/[22m[36massets/dataEngineContract-Ci1hoCq3.js     [39m[1m[2m    0.37 kB[22m[1m[22m[2m Ôöé gzip:   0.28 kB[22m
[2mdist/[22m[36massets/suppliers.seed-BWK6W7zz.js         [39m[1m[2m    0.85 kB[22m[1m[22m[2m Ôöé gzip:   0.38 kB[22m
[2mdist/[22m[36massets/priceRules.seed-C7plu-Li.js        [39m[1m[2m    0.89 kB[22m[1m[22m[2m Ôöé gzip:   0.31 kB[22m
[2mdist/[22m[36massets/oemMappingEngine-DsMy_kWK.js       [39m[1m[2m    0.92 kB[22m[1m[22m[2m Ôöé gzip:   0.52 kB[22m
[2mdist/[22m[36massets/offers.seed-zSCflwgM.js            [39m[1m[2m    2.47 kB[22m[1m[22m[2m Ôöé gzip:   0.48 kB[22m
[2mdist/[22m[36massets/insuranceEventFactory-D1BB8avm.js  [39m[1m[2m    2.57 kB[22m[1m[22m[2m Ôöé gzip:   1.12 kB[22m
[2mdist/[22m[36massets/dataEngineSender-DuhOHo_S.js       [39m[1m[2m    4.74 kB[22m[1m[22m[2m Ôöé gzip:   1.67 kB[22m
[2mdist/[22m[36massets/oemCross.seed-CxOLlAgp.js          [39m[1m[2m    4.94 kB[22m[1m[22m[2m Ôöé gzip:   0.72 kB[22m
[2mdist/[22m[36massets/partMaster-Dihjbz0X.js             [39m[1m[2m    5.96 kB[22m[1m[22m[2m Ôöé gzip:   1.68 kB[22m
[2mdist/[22m[36massets/supplierFeed.seed-CqNq2QPs.js      [39m[1m[2m    6.16 kB[22m[1m[22m[2m Ôöé gzip:   0.92 kB[22m
[2mdist/[22m[36massets/index-DR7lJrih.js                  [39m[1m[33m1,666.08 kB[39m[22m[2m Ôöé gzip: 425.55 kB[22m
[33m
(!) Some chunks are larger than 500 kB after minification. Consider:
- Using dynamic import() to code-split the application
- Use build.rollupOptions.output.manualChunks to improve chunking: https://roll
upjs.org/configuration-options/#output-manualchunks
- Adjust chunk size limit for this warning via build.chunkSizeWarningLimit.[39
m
[32mÔ£ô built in 29.54s[39m
