services/apiClient.ts(331,12): error TS2304: Cannot find name 'OfferRecommendation'.
services/apiClient.ts(341,21): error TS2339: Property 'success' does not exist on type 'unknown'.
services/apiClient.ts(341,51): error TS2339: Property 'data' does not exist on type 'unknown'.
services/apiClient.ts(343,25): error TS2339: Property 'data' does not exist on type 'unknown'.
services/apiClient.ts(343,33): error TS2304: Cannot find name 'OfferRecommendation'.
services/b2bNetworkService.ts(42,11): error TS2740: Type '{ offerId: string; supplierId: string; supplierName: string; partMasterId: string; price: number; currency: "TRY"; minOrderQty: number; stock: number; leadDays: number; lastUpdated: string; isVerified: boolean; trustScore: number; }' is missing the following properties from type 'SupplierOffer': offer_id, supplier_id, part_master_id, supplier_sku, and 7 more.
services/dataEngineIndices.ts(552,5): error TS2322: Type '"VEHICLE_INTELLIGENCE"' is not assignable to type 'DataEngineEventSource'.
services/dataEngineIndices.ts(596,5): error TS2322: Type '"VEHICLE_INTELLIGENCE"' is not assignable to type 'DataEngineEventSource'.
services/partMasterBuilder.ts(166,9): error TS2322: Type '{ partMasterId: string; tenantId: string; sku: string; name: string; description: string; category: PartCategory; partGroup: string; qualityTier: QualityTier; brand: Brand; ... 7 more ...; dataQuality: number; }[]' is not assignable to type 'PartMasterPart[]'.
  Type '{ partMasterId: string; tenantId: string; sku: string; name: string; description: string; category: PartCategory; partGroup: string; qualityTier: QualityTier; brand: Brand; ... 7 more ...; dataQuality: number; }' is not assignable to type 'PartMasterPart'.
    Types of property 'fitments' are incompatible.
      Type '{ fitmentId: string; vehiclePlatform: string; yearRange: { from: number; to: number; }; }[]' is not assignable to type 'Fitment[]'.
        Property 'partId' is missing in type '{ fitmentId: string; vehiclePlatform: string; yearRange: { from: number; to: number; }; }' but required in type 'Fitment'.
src/mocks/server.ts(295,31): error TS2740: Type '{ offerId: string; supplierId: any; supplierName: any; partMasterId: any; price: any; currency: any; minOrderQty: any; packQty: any; stock: any; leadDays: any; lastUpdated: string; isVerified: any; trustScore: any; }' is missing the following properties from type 'SupplierOffer': offer_id, supplier_id, part_master_id, supplier_sku, and 7 more.
src/mocks/server.ts(337,31): error TS2740: Type '{ offerId: string; supplierId: any; supplierName: any; partMasterId: any; price: any; currency: any; minOrderQty: any; packQty: any; stock: any; leadDays: any; lastUpdated: string; isVerified: any; trustScore: any; }' is missing the following properties from type 'SupplierOffer': offer_id, supplier_id, part_master_id, supplier_sku, and 7 more.
src/mocks/server.ts(529,31): error TS2304: Cannot find name 'reqUrl'.
src/mocks/server.ts(530,31): error TS2304: Cannot find name 'reqUrl'.
src/mocks/server.ts(616,31): error TS2304: Cannot find name 'reqUrl'.
src/modules/auto-expert/components/RiskIndicesPanel.tsx(73,11): error TS2322: Type '{ key: string; value: number; confidence?: number; }[]' is not assignable to type 'DataEngineIndex[]'.
  Type '{ key: string; value: number; confidence?: number; }' is missing the following properties from type 'DataEngineIndex': domain, updatedAt
src/modules/auto-expert/components/RiskIndicesPanel.tsx(74,11): error TS2322: Type '"EXPERTISE_SNAPSHOT"' is not assignable to type '"EXPERTISE" | "MANUAL" | "FLEET_TELEMETRY"'.
src/modules/auto-expert/components/RiskIndicesPanel.tsx(134,15): error TS2339: Property 'meta' does not exist on type '{ key: string; value: number; confidence?: number; }'.
src/modules/auto-expert/components/RiskIndicesPanel.tsx(134,54): error TS2339: Property 'meta' does not exist on type '{ key: string; value: number; confidence?: number; }'.
src/modules/auto-expert/components/RiskIndicesPanel.tsx(135,14): error TS2339: Property 'meta' does not exist on type '{ key: string; value: number; confidence?: number; }'.
src/modules/auto-expert/components/RiskIndicesPanel.tsx(322,43): error TS2339: Property 'updatedAt' does not exist on type '{ key: string; value: number; confidence?: number; }'.
src/modules/auto-expert/components/RiskIndicesPanel.tsx(325,30): error TS2339: Property 'meta' does not exist on type '{ key: string; value: number; confidence?: number; }'.
src/modules/auto-expert/components/RiskIndicesPanel.tsx(327,34): error TS2339: Property 'meta' does not exist on type '{ key: string; value: number; confidence?: number; }'.
src/modules/auto-expert/pages/VehicleIntelligencePanel.tsx(130,9): error TS2820: Type '"VEHICLE_INTELLIGENCE_ANALYZED"' is not assignable to type 'DataEngineEventType'. Did you mean '"VEHICLE_INTELLIGENCE_AGGREGATED"'?
src/modules/auto-expert/pages/VehicleIntelligencePanel.tsx(131,9): error TS2322: Type '"VEHICLE_INTELLIGENCE"' is not assignable to type 'DataEngineEventSource'.
src/modules/bakim-merkezi/components/WorkOrderRiskRecommendation.tsx(118,19): error TS2322: Type 'StructuredReasonCode' is not assignable to type 'ReactNode'.
src/modules/data-engine/api/dataEngineApiClient.ts(43,5): error TS2322: Type '"VEHICLE_INTELLIGENCE"' is not assignable to type 'DataEngineEventSource'.
src/modules/vehicle-intelligence-graph/domain/signal/graph-signal-projection.ts(9,3): error TS2739: Type '{ signalId: string; signalType: GraphSignalType; vehicleId: string; sourceNodeIds: string[]; generatedAt: string; sourceIndexId: string; context: Record<string, unknown>; metadata: Record<...>; }' is missing the following properties from type 'GraphSignal': severity, confidence, explanation
src/modules/vehicle-intelligence-graph/index.ts(98,10): error TS2724: '"./examples/graph-signal-example"' has no exported member named 'validGraphSignal'. Did you mean 'invalidGraphSignal'?
src/modules/vehicle-intelligence-graph/integration/services/graph-index-service.ts(21,27): error TS2339: Property 'EVENT_INDEX' does not exist on type 'typeof GraphIndexType'.
src/modules/vehicle-intelligence-graph/integration/services/graph-index-service.ts(24,27): error TS2339: Property 'SOURCE_INDEX' does not exist on type 'typeof GraphIndexType'.
src/modules/vehicle-intelligence-graph/integration/services/graph-index-service.ts(27,27): error TS2339: Property 'VEHICLE_INDEX' does not exist on type 'typeof GraphIndexType'.
src/modules/vehicle-intelligence/vehicleAggregator.ts(307,5): error TS2322: Type '"VEHICLE_INTELLIGENCE"' is not assignable to type 'DataEngineEventSource'.
src/modules/vehicle-intelligence/vehicleAggregator.ts(330,5): error TS2322: Type '"VEHICLE_INTELLIGENCE"' is not assignable to type 'DataEngineEventSource'.
src/modules/vehicle-intelligence/vehicleAggregator.ts(350,5): error TS2322: Type '"VEHICLE_INTELLIGENCE"' is not assignable to type 'DataEngineEventSource'.
types/partMaster.ts(548,3): error TS2717: Subsequent property declarations must have the same type.  Property 'type' must be of type '"B2B_NETWORK" | "WHOLESALER" | "DISTRIBUTOR" | "MANUFACTURER"', but here has type '"B2B_NETWORK" | "WHOLESALER" | "DISTRIBUTOR" | "OEM" | "RETAILER"'.
types/partMaster.ts(835,5): error TS2739: Type '{ supplierId: string; name: string; type: "DISTRIBUTOR"; country: string; avgLeadDays: number; reliabilityScore: number; status: "ACTIVE"; createdAt: string; updatedAt: string; }' is missing the following properties from type 'Supplier': supplier_id, isActive
types/partMaster.ts(846,5): error TS2739: Type '{ supplierId: string; name: string; type: "MANUFACTURER"; country: string; avgLeadDays: number; reliabilityScore: number; status: "ACTIVE"; createdAt: string; updatedAt: string; }' is missing the following properties from type 'Supplier': supplier_id, isActive
types/partMaster.ts(857,5): error TS2739: Type '{ supplierId: string; name: string; type: "B2B_NETWORK"; avgLeadDays: number; reliabilityScore: number; status: "ACTIVE"; createdAt: string; updatedAt: string; }' is missing the following properties from type 'Supplier': supplier_id, isActive
views/FleetRental.tsx(308,9): error TS2353: Object literal may only specify known properties, and 'note' does not exist in type '{ servicePointId: string; redirectType: "RoutineMaintenance" | "BreakdownIncident"; reason: string; applyStatusChange?: boolean; trigger?: { source: string; dueReason?: string; dueKmAtRedirect?: number; dueDateAtRedirect?: string; }; incident?: { ...; }; }'.
views/FleetRental.tsx(484,89): error TS2339: Property 'appointmentId' does not exist on type '{ redirect: ServiceRedirect; updatedVehicle?: Vehicle; }'.
views/PartStockSignals.tsx(183,47): error TS2339: Property 'partId' does not exist on type 'ProcessedStockItem'.
views/PartStockSignals.tsx(195,102): error TS2339: Property 'inventory' does not exist on type 'ProcessedStockItem'.
views/PartStockSignals.tsx(196,107): error TS2339: Property 'unit' does not exist on type 'ProcessedStockItem'.
views/PartStockSignals.tsx(200,98): error TS2339: Property 'salesSignal' does not exist on type 'ProcessedStockItem'.
views/PartStockSignals.tsx(203,101): error TS2339: Property 'salesSignal' does not exist on type 'ProcessedStockItem'.
views/PartStockSignals.tsx(207,89): error TS2339: Property 'daysToZero' does not exist on type 'ProcessedStockItem'.
views/PartStockSignals.tsx(208,55): error TS2339: Property 'daysToZero' does not exist on type 'ProcessedStockItem'.
views/Retailers.tsx(48,23): error TS2339: Property 'district' does not exist on type '{ title: string; recommendation: string; urgency: "high"; relatedIndex: string; region: string; partGroup: string; segment: string; changePercent: number; confidence: number; impact: number; } | { ...; }'.
  Property 'district' does not exist on type '{ title: string; recommendation: string; urgency: "high"; relatedIndex: string; region: string; partGroup: string; segment: string; changePercent: number; confidence: number; impact: number; }'.
views/Retailers.tsx(50,59): error TS2339: Property 'recommendedStockChange' does not exist on type '{ title: string; recommendation: string; urgency: "high"; relatedIndex: string; region: string; partGroup: string; segment: string; changePercent: number; confidence: number; impact: number; } | { ...; }'.
  Property 'recommendedStockChange' does not exist on type '{ title: string; recommendation: string; urgency: "high"; relatedIndex: string; region: string; partGroup: string; segment: string; changePercent: number; confidence: number; impact: number; }'.
views/Retailers.tsx(51,53): error TS2551: Property 'confidenceRatio' does not exist on type '{ title: string; recommendation: string; urgency: "high"; relatedIndex: string; region: string; partGroup: string; segment: string; changePercent: number; confidence: number; impact: number; } | { ...; }'. Did you mean 'confidence'?
  Property 'confidenceRatio' does not exist on type '{ title: string; recommendation: string; urgency: "high"; relatedIndex: string; region: string; partGroup: string; segment: string; changePercent: number; confidence: number; impact: number; }'.
views/Retailers.tsx(52,45): error TS2339: Property 'impactScore' does not exist on type '{ title: string; recommendation: string; urgency: "high"; relatedIndex: string; region: string; partGroup: string; segment: string; changePercent: number; confidence: number; impact: number; } | { ...; }'.
  Property 'impactScore' does not exist on type '{ title: string; recommendation: string; urgency: "high"; relatedIndex: string; region: string; partGroup: string; segment: string; changePercent: number; confidence: number; impact: number; }'.
views/Retailers.tsx(69,5): error TS2353: Object literal may only specify known properties, and 'purchasePrice' does not exist in type 'AftermarketProductCard'.
views/Retailers.tsx(87,5): error TS2353: Object literal may only specify known properties, and 'purchasePrice' does not exist in type 'AftermarketProductCard'.
views/Retailers.tsx(106,5): error TS2353: Object literal may only specify known properties, and 'purchasePrice' does not exist in type 'AftermarketProductCard'.
views/Retailers.tsx(124,5): error TS2353: Object literal may only specify known properties, and 'purchasePrice' does not exist in type 'AftermarketProductCard'.
views/Retailers.tsx(142,5): error TS2353: Object literal may only specify known properties, and 'purchasePrice' does not exist in type 'AftermarketProductCard'.
views/Retailers.tsx(160,5): error TS2353: Object literal may only specify known properties, and 'purchasePrice' does not exist in type 'AftermarketProductCard'.
views/Retailers.tsx(178,67): error TS2345: Argument of type '"DISTRIBUTOR"' is not assignable to parameter of type 'AftermarketRole | (() => AftermarketRole)'.
views/Retailers.tsx(233,29): error TS2345: Argument of type 'unknown' is not assignable to parameter of type 'SetStateAction<{ pendingAndPreparingCount: number; shippedCount: number; deliveredTotal: number; }>'.
views/Retailers.tsx(1553,96): error TS2339: Property 'stock' does not exist on type '{ sku: string; name: string; brand: string; costPrice: number; salePrice: number; margin: number; marginPercent: number; segment: "OEM" | "EQUIVALENT" | "ECONOMY" | "PREMIUM"; }'.
views/Retailers.tsx(1627,18): error TS2367: This comparison appears to be unintentional because the types 'AftermarketRole' and '"DISTRIBUTOR"' have no overlap.
views/Retailers.tsx(1655,26): error TS2367: This comparison appears to be unintentional because the types 'AftermarketRole' and '"DISTRIBUTOR"' have no overlap.
views/Retailers.tsx(1665,61): error TS2345: Argument of type '"DISTRIBUTOR"' is not assignable to parameter of type 'AftermarketRole'.
views/Retailers.tsx(1667,33): error TS2367: This comparison appears to be unintentional because the types 'AftermarketRole' and '"DISTRIBUTOR"' have no overlap.
views/Retailers.tsx(1675,61): error TS2345: Argument of type '"RETAIL"' is not assignable to parameter of type 'AftermarketRole'.
views/Retailers.tsx(1677,33): error TS2367: This comparison appears to be unintentional because the types 'AftermarketRole' and '"RETAIL"' have no overlap.
views/Retailers.tsx(1693,22): error TS2367: This comparison appears to be unintentional because the types 'AftermarketRole' and '"DISTRIBUTOR"' have no overlap.
views/Retailers.tsx(1702,14): error TS2367: This comparison appears to be unintentional because the types 'AftermarketRole' and '"DISTRIBUTOR"' have no overlap.
views/Retailers.tsx(1728,15): error TS2367: This comparison appears to be unintentional because the types 'AftermarketRole' and '"RETAIL"' have no overlap.
views/Retailers.tsx(1748,26): error TS2367: This comparison appears to be unintentional because the types 'AftermarketRole' and '"DISTRIBUTOR"' have no overlap.
